// Jest Snapshot v1, https://goo.gl/fbAQLP

exports[`LOGINFORM TESTS should match the snapshot 1`] = `
ShallowWrapper {
  "length": 1,
  Symbol(enzyme.__root__): [Circular],
  Symbol(enzyme.__unrendered__): <LoginForm />,
  Symbol(enzyme.__renderer__): Object {
    "batchedUpdates": [Function],
    "getNode": [Function],
    "render": [Function],
    "simulateEvent": [Function],
    "unmount": [Function],
  },
  Symbol(enzyme.__node__): Object {
    "instance": null,
    "key": undefined,
    "nodeType": "host",
    "props": Object {
      "children": Array [
        <h3
          className="form-header"
>
          Log In
</h3>,
        <input
          aria-label="Please Enter Your Username"
          className="username-field"
          name="username"
          onChange={[Function]}
          placeholder="username"
          type="text"
          value=""
/>,
        <input
          aria-label="Please Enter Your Email"
          className="email-field"
          name="email"
          onChange={[Function]}
          placeholder="email"
          type="text"
          value=""
/>,
        <input
          aria-label="Please Enter Your Password"
          className="password-field"
          name="password"
          onChange={[Function]}
          placeholder="password"
          type="password"
          value=""
/>,
        <button
          aria-label="Sign in to your account"
          className="login-button"
>
          Login
</button>,
      ],
      "className": "login-form",
      "onSubmit": [Function],
    },
    "ref": null,
    "rendered": Array [
      Object {
        "instance": null,
        "key": undefined,
        "nodeType": "host",
        "props": Object {
          "children": "Log In",
          "className": "form-header",
        },
        "ref": null,
        "rendered": "Log In",
        "type": "h3",
      },
      Object {
        "instance": null,
        "key": undefined,
        "nodeType": "host",
        "props": Object {
          "aria-label": "Please Enter Your Username",
          "className": "username-field",
          "name": "username",
          "onChange": [Function],
          "placeholder": "username",
          "type": "text",
          "value": "",
        },
        "ref": null,
        "rendered": null,
        "type": "input",
      },
      Object {
        "instance": null,
        "key": undefined,
        "nodeType": "host",
        "props": Object {
          "aria-label": "Please Enter Your Email",
          "className": "email-field",
          "name": "email",
          "onChange": [Function],
          "placeholder": "email",
          "type": "text",
          "value": "",
        },
        "ref": null,
        "rendered": null,
        "type": "input",
      },
      Object {
        "instance": null,
        "key": undefined,
        "nodeType": "host",
        "props": Object {
          "aria-label": "Please Enter Your Password",
          "className": "password-field",
          "name": "password",
          "onChange": [Function],
          "placeholder": "password",
          "type": "password",
          "value": "",
        },
        "ref": null,
        "rendered": null,
        "type": "input",
      },
      Object {
        "instance": null,
        "key": undefined,
        "nodeType": "host",
        "props": Object {
          "aria-label": "Sign in to your account",
          "children": "Login",
          "className": "login-button",
        },
        "ref": null,
        "rendered": "Login",
        "type": "button",
      },
    ],
    "type": "form",
  },
  Symbol(enzyme.__nodes__): Array [
    Object {
      "instance": null,
      "key": undefined,
      "nodeType": "host",
      "props": Object {
        "children": Array [
          <h3
            className="form-header"
>
            Log In
</h3>,
          <input
            aria-label="Please Enter Your Username"
            className="username-field"
            name="username"
            onChange={[Function]}
            placeholder="username"
            type="text"
            value=""
/>,
          <input
            aria-label="Please Enter Your Email"
            className="email-field"
            name="email"
            onChange={[Function]}
            placeholder="email"
            type="text"
            value=""
/>,
          <input
            aria-label="Please Enter Your Password"
            className="password-field"
            name="password"
            onChange={[Function]}
            placeholder="password"
            type="password"
            value=""
/>,
          <button
            aria-label="Sign in to your account"
            className="login-button"
>
            Login
</button>,
        ],
        "className": "login-form",
        "onSubmit": [Function],
      },
      "ref": null,
      "rendered": Array [
        Object {
          "instance": null,
          "key": undefined,
          "nodeType": "host",
          "props": Object {
            "children": "Log In",
            "className": "form-header",
          },
          "ref": null,
          "rendered": "Log In",
          "type": "h3",
        },
        Object {
          "instance": null,
          "key": undefined,
          "nodeType": "host",
          "props": Object {
            "aria-label": "Please Enter Your Username",
            "className": "username-field",
            "name": "username",
            "onChange": [Function],
            "placeholder": "username",
            "type": "text",
            "value": "",
          },
          "ref": null,
          "rendered": null,
          "type": "input",
        },
        Object {
          "instance": null,
          "key": undefined,
          "nodeType": "host",
          "props": Object {
            "aria-label": "Please Enter Your Email",
            "className": "email-field",
            "name": "email",
            "onChange": [Function],
            "placeholder": "email",
            "type": "text",
            "value": "",
          },
          "ref": null,
          "rendered": null,
          "type": "input",
        },
        Object {
          "instance": null,
          "key": undefined,
          "nodeType": "host",
          "props": Object {
            "aria-label": "Please Enter Your Password",
            "className": "password-field",
            "name": "password",
            "onChange": [Function],
            "placeholder": "password",
            "type": "password",
            "value": "",
          },
          "ref": null,
          "rendered": null,
          "type": "input",
        },
        Object {
          "instance": null,
          "key": undefined,
          "nodeType": "host",
          "props": Object {
            "aria-label": "Sign in to your account",
            "children": "Login",
            "className": "login-button",
          },
          "ref": null,
          "rendered": "Login",
          "type": "button",
        },
      ],
      "type": "form",
    },
  ],
  Symbol(enzyme.__options__): Object {
    "adapter": ReactSixteenAdapter {
      "options": Object {
        "enableComponentDidUpdateOnSetState": true,
      },
    },
  },
}
`;
