// Jest Snapshot v1, https://goo.gl/fbAQLP

exports[`VISITED CONTAINER TESTS should match the snapshot 1`] = `
ShallowWrapper {
  "length": 1,
  Symbol(enzyme.__root__): [Circular],
  Symbol(enzyme.__unrendered__): <VisitedContainer
    visited={
        Array [
            Object {
              "restaurant_name": "PeeWees",
            },
          ]
    }
/>,
  Symbol(enzyme.__renderer__): Object {
    "batchedUpdates": [Function],
    "getNode": [Function],
    "render": [Function],
    "simulateEvent": [Function],
    "unmount": [Function],
  },
  Symbol(enzyme.__node__): Object {
    "instance": null,
    "key": undefined,
    "nodeType": "host",
    "props": Object {
      "children": Array [
        <div
          className="visited-card"
>
          <h3
                    className="visited-header"
          >
                    PeeWees
          </h3>
          <img
                    className="joint-image"
                    src={undefined}
          />
          <div
                    className="text-holder"
          >
                    <p>
                               
                              <b>
                                         Rating: 
                              </b>
                               
                    </p>
                    <p />
          </div>
          <div
                    className="text-holder"
          >
                    <p>
                              <b>
                                         Date Visited:
                              </b>
                    </p>
                    <p />
          </div>
          <div
                    className="text-holder"
          >
                    <p>
                              <b>
                                         Meal: 
                              </b>
                    </p>
                    <p>
                               
                    </p>
          </div>
          <div
                    className="text-holder"
          >
                    <p>
                               
                              <b>
                                        Notes: 
                              </b>
                    </p>
                    <p>
                               
                    </p>
          </div>
</div>,
      ],
      "className": "visited-container",
    },
    "ref": null,
    "rendered": Array [
      Object {
        "instance": null,
        "key": "0+ PeeWees",
        "nodeType": "host",
        "props": Object {
          "children": Array [
            <h3
              className="visited-header"
>
              PeeWees
</h3>,
            <img
              className="joint-image"
              src={undefined}
/>,
            <div
              className="text-holder"
>
              <p>
                             
                            <b>
                                           Rating: 
                            </b>
                             
              </p>
              <p />
</div>,
            <div
              className="text-holder"
>
              <p>
                            <b>
                                           Date Visited:
                            </b>
              </p>
              <p />
</div>,
            <div
              className="text-holder"
>
              <p>
                            <b>
                                           Meal: 
                            </b>
              </p>
              <p>
                             
              </p>
</div>,
            <div
              className="text-holder"
>
              <p>
                             
                            <b>
                                          Notes: 
                            </b>
              </p>
              <p>
                             
              </p>
</div>,
          ],
          "className": "visited-card",
        },
        "ref": null,
        "rendered": Array [
          Object {
            "instance": null,
            "key": undefined,
            "nodeType": "host",
            "props": Object {
              "children": "PeeWees",
              "className": "visited-header",
            },
            "ref": null,
            "rendered": "PeeWees",
            "type": "h3",
          },
          Object {
            "instance": null,
            "key": undefined,
            "nodeType": "host",
            "props": Object {
              "className": "joint-image",
              "src": undefined,
            },
            "ref": null,
            "rendered": null,
            "type": "img",
          },
          Object {
            "instance": null,
            "key": undefined,
            "nodeType": "host",
            "props": Object {
              "children": Array [
                <p>
                   
                  <b>
                                     Rating: 
                  </b>
                   
</p>,
                <p />,
              ],
              "className": "text-holder",
            },
            "ref": null,
            "rendered": Array [
              Object {
                "instance": null,
                "key": undefined,
                "nodeType": "host",
                "props": Object {
                  "children": Array [
                    " ",
                    <b>
                       Rating: 
</b>,
                    " ",
                  ],
                },
                "ref": null,
                "rendered": Array [
                  " ",
                  Object {
                    "instance": null,
                    "key": undefined,
                    "nodeType": "host",
                    "props": Object {
                      "children": " Rating: ",
                    },
                    "ref": null,
                    "rendered": " Rating: ",
                    "type": "b",
                  },
                  " ",
                ],
                "type": "p",
              },
              Object {
                "instance": null,
                "key": undefined,
                "nodeType": "host",
                "props": Object {
                  "children": undefined,
                },
                "ref": null,
                "rendered": null,
                "type": "p",
              },
            ],
            "type": "div",
          },
          Object {
            "instance": null,
            "key": undefined,
            "nodeType": "host",
            "props": Object {
              "children": Array [
                <p>
                  <b>
                                     Date Visited:
                  </b>
</p>,
                <p />,
              ],
              "className": "text-holder",
            },
            "ref": null,
            "rendered": Array [
              Object {
                "instance": null,
                "key": undefined,
                "nodeType": "host",
                "props": Object {
                  "children": <b>
                     Date Visited:
</b>,
                },
                "ref": null,
                "rendered": Object {
                  "instance": null,
                  "key": undefined,
                  "nodeType": "host",
                  "props": Object {
                    "children": " Date Visited:",
                  },
                  "ref": null,
                  "rendered": " Date Visited:",
                  "type": "b",
                },
                "type": "p",
              },
              Object {
                "instance": null,
                "key": undefined,
                "nodeType": "host",
                "props": Object {
                  "children": undefined,
                },
                "ref": null,
                "rendered": null,
                "type": "p",
              },
            ],
            "type": "div",
          },
          Object {
            "instance": null,
            "key": undefined,
            "nodeType": "host",
            "props": Object {
              "children": Array [
                <p>
                  <b>
                                     Meal: 
                  </b>
</p>,
                <p>
                   
</p>,
              ],
              "className": "text-holder",
            },
            "ref": null,
            "rendered": Array [
              Object {
                "instance": null,
                "key": undefined,
                "nodeType": "host",
                "props": Object {
                  "children": <b>
                     Meal: 
</b>,
                },
                "ref": null,
                "rendered": Object {
                  "instance": null,
                  "key": undefined,
                  "nodeType": "host",
                  "props": Object {
                    "children": " Meal: ",
                  },
                  "ref": null,
                  "rendered": " Meal: ",
                  "type": "b",
                },
                "type": "p",
              },
              Object {
                "instance": null,
                "key": undefined,
                "nodeType": "host",
                "props": Object {
                  "children": Array [
                    undefined,
                    " ",
                  ],
                },
                "ref": null,
                "rendered": Array [
                  undefined,
                  " ",
                ],
                "type": "p",
              },
            ],
            "type": "div",
          },
          Object {
            "instance": null,
            "key": undefined,
            "nodeType": "host",
            "props": Object {
              "children": Array [
                <p>
                   
                  <b>
                                    Notes: 
                  </b>
</p>,
                <p>
                   
</p>,
              ],
              "className": "text-holder",
            },
            "ref": null,
            "rendered": Array [
              Object {
                "instance": null,
                "key": undefined,
                "nodeType": "host",
                "props": Object {
                  "children": Array [
                    " ",
                    <b>
                      Notes: 
</b>,
                  ],
                },
                "ref": null,
                "rendered": Array [
                  " ",
                  Object {
                    "instance": null,
                    "key": undefined,
                    "nodeType": "host",
                    "props": Object {
                      "children": "Notes: ",
                    },
                    "ref": null,
                    "rendered": "Notes: ",
                    "type": "b",
                  },
                ],
                "type": "p",
              },
              Object {
                "instance": null,
                "key": undefined,
                "nodeType": "host",
                "props": Object {
                  "children": Array [
                    undefined,
                    " ",
                  ],
                },
                "ref": null,
                "rendered": Array [
                  undefined,
                  " ",
                ],
                "type": "p",
              },
            ],
            "type": "div",
          },
        ],
        "type": "div",
      },
    ],
    "type": "div",
  },
  Symbol(enzyme.__nodes__): Array [
    Object {
      "instance": null,
      "key": undefined,
      "nodeType": "host",
      "props": Object {
        "children": Array [
          <div
            className="visited-card"
>
            <h3
                        className="visited-header"
            >
                        PeeWees
            </h3>
            <img
                        className="joint-image"
                        src={undefined}
            />
            <div
                        className="text-holder"
            >
                        <p>
                                     
                                    <b>
                                                 Rating: 
                                    </b>
                                     
                        </p>
                        <p />
            </div>
            <div
                        className="text-holder"
            >
                        <p>
                                    <b>
                                                 Date Visited:
                                    </b>
                        </p>
                        <p />
            </div>
            <div
                        className="text-holder"
            >
                        <p>
                                    <b>
                                                 Meal: 
                                    </b>
                        </p>
                        <p>
                                     
                        </p>
            </div>
            <div
                        className="text-holder"
            >
                        <p>
                                     
                                    <b>
                                                Notes: 
                                    </b>
                        </p>
                        <p>
                                     
                        </p>
            </div>
</div>,
        ],
        "className": "visited-container",
      },
      "ref": null,
      "rendered": Array [
        Object {
          "instance": null,
          "key": "0+ PeeWees",
          "nodeType": "host",
          "props": Object {
            "children": Array [
              <h3
                className="visited-header"
>
                PeeWees
</h3>,
              <img
                className="joint-image"
                src={undefined}
/>,
              <div
                className="text-holder"
>
                <p>
                                 
                                <b>
                                                 Rating: 
                                </b>
                                 
                </p>
                <p />
</div>,
              <div
                className="text-holder"
>
                <p>
                                <b>
                                                 Date Visited:
                                </b>
                </p>
                <p />
</div>,
              <div
                className="text-holder"
>
                <p>
                                <b>
                                                 Meal: 
                                </b>
                </p>
                <p>
                                 
                </p>
</div>,
              <div
                className="text-holder"
>
                <p>
                                 
                                <b>
                                                Notes: 
                                </b>
                </p>
                <p>
                                 
                </p>
</div>,
            ],
            "className": "visited-card",
          },
          "ref": null,
          "rendered": Array [
            Object {
              "instance": null,
              "key": undefined,
              "nodeType": "host",
              "props": Object {
                "children": "PeeWees",
                "className": "visited-header",
              },
              "ref": null,
              "rendered": "PeeWees",
              "type": "h3",
            },
            Object {
              "instance": null,
              "key": undefined,
              "nodeType": "host",
              "props": Object {
                "className": "joint-image",
                "src": undefined,
              },
              "ref": null,
              "rendered": null,
              "type": "img",
            },
            Object {
              "instance": null,
              "key": undefined,
              "nodeType": "host",
              "props": Object {
                "children": Array [
                  <p>
                     
                    <b>
                                         Rating: 
                    </b>
                     
</p>,
                  <p />,
                ],
                "className": "text-holder",
              },
              "ref": null,
              "rendered": Array [
                Object {
                  "instance": null,
                  "key": undefined,
                  "nodeType": "host",
                  "props": Object {
                    "children": Array [
                      " ",
                      <b>
                         Rating: 
</b>,
                      " ",
                    ],
                  },
                  "ref": null,
                  "rendered": Array [
                    " ",
                    Object {
                      "instance": null,
                      "key": undefined,
                      "nodeType": "host",
                      "props": Object {
                        "children": " Rating: ",
                      },
                      "ref": null,
                      "rendered": " Rating: ",
                      "type": "b",
                    },
                    " ",
                  ],
                  "type": "p",
                },
                Object {
                  "instance": null,
                  "key": undefined,
                  "nodeType": "host",
                  "props": Object {
                    "children": undefined,
                  },
                  "ref": null,
                  "rendered": null,
                  "type": "p",
                },
              ],
              "type": "div",
            },
            Object {
              "instance": null,
              "key": undefined,
              "nodeType": "host",
              "props": Object {
                "children": Array [
                  <p>
                    <b>
                                         Date Visited:
                    </b>
</p>,
                  <p />,
                ],
                "className": "text-holder",
              },
              "ref": null,
              "rendered": Array [
                Object {
                  "instance": null,
                  "key": undefined,
                  "nodeType": "host",
                  "props": Object {
                    "children": <b>
                       Date Visited:
</b>,
                  },
                  "ref": null,
                  "rendered": Object {
                    "instance": null,
                    "key": undefined,
                    "nodeType": "host",
                    "props": Object {
                      "children": " Date Visited:",
                    },
                    "ref": null,
                    "rendered": " Date Visited:",
                    "type": "b",
                  },
                  "type": "p",
                },
                Object {
                  "instance": null,
                  "key": undefined,
                  "nodeType": "host",
                  "props": Object {
                    "children": undefined,
                  },
                  "ref": null,
                  "rendered": null,
                  "type": "p",
                },
              ],
              "type": "div",
            },
            Object {
              "instance": null,
              "key": undefined,
              "nodeType": "host",
              "props": Object {
                "children": Array [
                  <p>
                    <b>
                                         Meal: 
                    </b>
</p>,
                  <p>
                     
</p>,
                ],
                "className": "text-holder",
              },
              "ref": null,
              "rendered": Array [
                Object {
                  "instance": null,
                  "key": undefined,
                  "nodeType": "host",
                  "props": Object {
                    "children": <b>
                       Meal: 
</b>,
                  },
                  "ref": null,
                  "rendered": Object {
                    "instance": null,
                    "key": undefined,
                    "nodeType": "host",
                    "props": Object {
                      "children": " Meal: ",
                    },
                    "ref": null,
                    "rendered": " Meal: ",
                    "type": "b",
                  },
                  "type": "p",
                },
                Object {
                  "instance": null,
                  "key": undefined,
                  "nodeType": "host",
                  "props": Object {
                    "children": Array [
                      undefined,
                      " ",
                    ],
                  },
                  "ref": null,
                  "rendered": Array [
                    undefined,
                    " ",
                  ],
                  "type": "p",
                },
              ],
              "type": "div",
            },
            Object {
              "instance": null,
              "key": undefined,
              "nodeType": "host",
              "props": Object {
                "children": Array [
                  <p>
                     
                    <b>
                                        Notes: 
                    </b>
</p>,
                  <p>
                     
</p>,
                ],
                "className": "text-holder",
              },
              "ref": null,
              "rendered": Array [
                Object {
                  "instance": null,
                  "key": undefined,
                  "nodeType": "host",
                  "props": Object {
                    "children": Array [
                      " ",
                      <b>
                        Notes: 
</b>,
                    ],
                  },
                  "ref": null,
                  "rendered": Array [
                    " ",
                    Object {
                      "instance": null,
                      "key": undefined,
                      "nodeType": "host",
                      "props": Object {
                        "children": "Notes: ",
                      },
                      "ref": null,
                      "rendered": "Notes: ",
                      "type": "b",
                    },
                  ],
                  "type": "p",
                },
                Object {
                  "instance": null,
                  "key": undefined,
                  "nodeType": "host",
                  "props": Object {
                    "children": Array [
                      undefined,
                      " ",
                    ],
                  },
                  "ref": null,
                  "rendered": Array [
                    undefined,
                    " ",
                  ],
                  "type": "p",
                },
              ],
              "type": "div",
            },
          ],
          "type": "div",
        },
      ],
      "type": "div",
    },
  ],
  Symbol(enzyme.__options__): Object {
    "adapter": ReactSixteenAdapter {
      "options": Object {
        "enableComponentDidUpdateOnSetState": true,
      },
    },
  },
}
`;
